
> intangible-heritage-studio@2.2.0 build
> tsc -b && vite build && node scripts/generate-manifest.mjs

[36mvite v6.4.3 [32mbuilding for production...[36m[39m
transforming...
[32m✓[39m 73 modules transformed.
node.exe : [33m[esbuild css minify]
所在位置 行:1 字符: 1
+ & "C:\Users\adday\AppData\Local\DoubaoWork\User Data\sandbox_runtime\ ...
+ ~~~~~~~~~~~~~~~~~~~~~~~~~~~~~~~~~~~~~~~~~~~~~~~~~~~~~~~~~~~~~~~~~~~~~
    + CategoryInfo          : NotSpecified: ([33m[esbuild css minify]:String) [], RemoteException
    + FullyQualifiedErrorId : NativeCommandError
 
▲ [WARNING] "flexShrink" is not a known CSS property [unsupported-css-property]

    <stdin>:540:4:
      540 │     flexShrink: 0 !important;
          │     ~~~~~~~~~~
          ╵     flex-shrink

  Did you mean "flex-shrink" instead?

[39m
rendering chunks...
computing gzip size...
[2mdist/[22m[32mindex.html                                 [39m[1m[2m  0.64 kB[22m[1m[22m[2m │ gzip:  0.43 kB[22m
[2mdist/[22m[35massets/LiaoyunCaseExperience-D2Lte9I9.css  [39m[1m[2m  8.53 kB[22m[1m[22m[2m │ gzip:  2.47 kB[22m
[2mdist/[22m[35massets/index-DwuQ2oqw.css                  [39m[1m[2m  9.62 kB[22m[1m[22m[2m │ gzip:  2.83 kB[22m
[2mdist/[22m[36massets/NotFound-DxqIi56c.js                [39m[1m[2m  0.96 kB[22m[1m[22m[2m │ gzip:  0.53 kB[22m
[2mdist/[22m[36massets/Cases-BK5x2lwQ.js                   [39m[1m[2m  2.55 kB[22m[1m[22m[2m │ gzip:  1.26 kB[22m
[2mdist/[22m[36massets/useAIHealth-D1T5eFTY.js             [39m[1m[2m  2.96 kB[22m[1m[22m[2m │ gzip:  0.97 kB[22m
[2mdist/[22m[36massets/HeritageLibrary-c09qCmE1.js         [39m[1m[2m  3.77 kB[22m[1m[22m[2m │ gzip:  1.85 kB[22m
[2mdist/[22m[36massets/TechRoadmap-DtiJ5TRf.js             [39m[1m[2m  4.00 kB[22m[1m[22m[2m │ gzip:  1.68 kB[22m
[2mdist/[22m[36massets/HeritageDetail-q5roX6iU.js          [39m[1m[2m  5.52 kB[22m[1m[22m[2m │ gzip:  1.91 kB[22m
[2mdist/[22m[36massets/mockGenerator-BPXmF0Cx.js           [39m[1m[2m  7.68 kB[22m[1m[22m[2m │ gzip:  4.32 kB[22m
[2mdist/[22m[36massets/MyProjects-BbplvLCy.js              [39m[1m[2m  7.75 kB[22m[1m[22m[2m │ gzip:  2.65 kB[22m
[2mdist/[22m[36massets/AdminConfig-D_IA_ztk.js             [39m[1m[2m  8.14 kB[22m[1m[22m[2m │ gzip:  3.23 kB[22m
[2mdist/[22m[36massets/CreateV3-CSmr6qxg.js                [39m[1m[2m 12.37 kB[22m[1m[22m[2m │ gzip:  5.11 kB[22m
[2mdist/[22m[36massets/LiaoyunCaseExperience-BlFpuJpS.js   [39m[1m[2m 13.10 kB[22m[1m[22m[2m │ gzip:  4.64 kB[22m
[2mdist/[22m[36massets/heritageCatalog-DljXLZOE.js         [39m[1m[2m 14.84 kB[22m[1m[22m[2m │ gzip:  5.99 kB[22m
[2mdist/[22m[36massets/Create-m1TT57i7.js                  [39m[1m[2m 17.96 kB[22m[1m[22m[2m │ gzip:  5.97 kB[22m
[2mdist/[22m[36massets/index-BAryMf_J.js                   [39m[1m[2m 21.31 kB[22m[1m[22m[2m │ gzip:  8.48 kB[22m
[2mdist/[22m[36massets/dnd-kit-BsjwwrGS.js                 [39m[1m[2m 44.16 kB[22m[1m[22m[2m │ gzip: 14.76 kB[22m
[2mdist/[22m[36massets/Director-BLE0GBMh.js                [39m[1m[2m 64.80 kB[22m[1m[22m[2m │ gzip: 16.28 kB[22m
[2mdist/[22m[36massets/react-vendor-Cf06ewGT.js            [39m[1m[2m163.72 kB[22m[1m[22m[2m │ gzip: 53.60 kB[22m
[2mdist/[22m[36massets/examples-BpSgb4W3.js                [39m[1m[2m174.60 kB[22m[1m[22m[2m │ gzip: 57.28 kB[22m
[32m✓ built in 925ms[39m
[manifest] 已生成 dist-manifest.json（32 个文件）
