node.exe : [33m▲ [43;33m[[43;30mWARNING[43;33m][0m [1mProxy environment variables detected. We'll use your proxy 
for fetch requests.[0m
所在位置 行:1 字符: 1
+ & "C:\Users\adday\AppData\Local\DoubaoWork\User Data\sandbox_runtime\ ...
+ ~~~~~~~~~~~~~~~~~~~~~~~~~~~~~~~~~~~~~~~~~~~~~~~~~~~~~~~~~~~~~~~~~~~~~
    + CategoryInfo          : NotSpecified: ([33m▲ [43;33m...h requests.[0m:String) [], RemoteException
    + FullyQualifiedErrorId : NativeCommandError
 



 ⛅️ wrangler 4.137.0
────────────────────
[33m▲ [43;33m[[43;30mWARNING[43;33m][0m [1mWarning: Your working directory is a git repo and has uncommitted chan
ges[0m

  To silence this warning, pass in --commit-dirty=true


✨ Compiled Worker successfully
Uploading... (18/31)
Uploading... (23/31)
Uploading... (27/31)
Uploading... (31/31)
✨ Success! Uploaded 13 files (18 already uploaded) (2.60 sec)

✨ Uploading _redirects
✨ Uploading Functions bundle
🌎 Deploying...
✨ Deployment complete! Take a peek over at https://01dec220.feiyi-4zu.pages.dev
